[1585418:1585438:0916/125747.210161:ERROR:dbus/bus.cc:405] Failed to connect to the bus: Could not parse server address: Unknown address type (examples of valid types are "tcp" and on UNIX "unix")
[1585418:1585438:0916/125747.217097:ERROR:dbus/bus.cc:405] Failed to connect to the bus: Could not parse server address: Unknown address type (examples of valid types are "tcp" and on UNIX "unix")
[1585418:1585438:0916/125747.219355:ERROR:dbus/bus.cc:405] Failed to connect to the bus: Could not parse server address: Unknown address type (examples of valid types are "tcp" and on UNIX "unix")
[1585418:1585438:0916/125747.267688:ERROR:dbus/bus.cc:405] Failed to connect to the bus: Could not parse server address: Unknown address type (examples of valid types are "tcp" and on UNIX "unix")

DevTools listening on ws://127.0.0.1:19222/devtools/browser/beff143a-83ad-4e31-95b8-ba71c99c772c
[1585418:1585418:0916/125747.291913:ERROR:dbus/object_proxy.cc:572] Failed to call method: org.freedesktop.DBus.NameHasOwner: object_path= /org/freedesktop/DBus: unknown error type: 
[1585418:1585438:0916/125747.292028:ERROR:dbus/bus.cc:405] Failed to connect to the bus: Could not parse server address: Unknown address type (examples of valid types are "tcp" and on UNIX "unix")
[1585418:1585418:0916/125747.292063:ERROR:dbus/object_proxy.cc:572] Failed to call method: org.freedesktop.DBus.NameHasOwner: object_path= /org/freedesktop/DBus: unknown error type: 
[1585418:1585438:0916/125747.292121:ERROR:dbus/bus.cc:405] Failed to connect to the bus: Could not parse server address: Unknown address type (examples of valid types are "tcp" and on UNIX "unix")
[1585418:1585418:0916/125747.292312:ERROR:dbus/object_proxy.cc:572] Failed to call method: org.freedesktop.DBus.NameHasOwner: object_path= /org/freedesktop/DBus: unknown error type: 
[1585418:1585418:0916/125747.297091:ERROR:dbus/object_proxy.cc:572] Failed to call method: org.freedesktop.DBus.NameHasOwner: object_path= /org/freedesktop/DBus: unknown error type: 
[1585455:1585455:0916/125747.334099:ERROR:ui/gl/angle_platform_impl.cc:47] Display.cpp:1128 (initialize): ANGLE Display::initialize error 12289: GLX is not present.
ERR: Display.cpp:1128 (initialize): ANGLE Display::initialize error 12289: GLX is not present.
[1585455:1585455:0916/125747.334366:ERROR:ui/gl/egl_util.cc:92] EGL Driver message (Critical) eglInitialize: GLX is not present.
[1585455:1585455:0916/125747.334542:ERROR:ui/gl/gl_display.cc:630] eglInitialize OpenGL failed with error EGL_NOT_INITIALIZED, trying next display type
[1585455:1585455:0916/125747.334835:ERROR:ui/gl/angle_platform_impl.cc:47] Display.cpp:1128 (initialize): ANGLE Display::initialize error 12289: GLX is not present.
ERR: Display.cpp:1128 (initialize): ANGLE Display::initialize error 12289: GLX is not present.
[1585455:1585455:0916/125747.334955:ERROR:ui/gl/egl_util.cc:92] EGL Driver message (Critical) eglInitialize: GLX is not present.
[1585455:1585455:0916/125747.335060:ERROR:ui/gl/gl_display.cc:630] eglInitialize OpenGLES failed with error EGL_NOT_INITIALIZED
[1585455:1585455:0916/125747.335153:ERROR:ui/gl/gl_display.cc:665] Initialization of all (2) EGL display types failed.
[1585455:1585455:0916/125747.335280:ERROR:ui/ozone/common/gl_ozone_egl.cc:26] GLDisplayEGL::Initialize failed.
[1585418:1585438:0916/125747.338124:ERROR:dbus/bus.cc:405] Failed to connect to the bus: Could not parse server address: Unknown address type (examples of valid types are "tcp" and on UNIX "unix")
[1585418:1585438:0916/125747.338186:ERROR:dbus/bus.cc:405] Failed to connect to the bus: Could not parse server address: Unknown address type (examples of valid types are "tcp" and on UNIX "unix")
[1585455:1585455:0916/125747.366739:ERROR:ui/gl/angle_platform_impl.cc:47] Display.cpp:1128 (initialize): ANGLE Display::initialize error 12289: GLX is not present.
ERR: Display.cpp:1128 (initialize): ANGLE Display::initialize error 12289: GLX is not present.
[1585455:1585455:0916/125747.366961:ERROR:ui/gl/egl_util.cc:92] EGL Driver message (Critical) eglInitialize: GLX is not present.
[1585455:1585455:0916/125747.367077:ERROR:ui/gl/gl_display.cc:630] eglInitialize OpenGL failed with error EGL_NOT_INITIALIZED, trying next display type
[1585455:1585455:0916/125747.367333:ERROR:ui/gl/angle_platform_impl.cc:47] Display.cpp:1128 (initialize): ANGLE Display::initialize error 12289: GLX is not present.
ERR: Display.cpp:1128 (initialize): ANGLE Display::initialize error 12289: GLX is not present.
[1585455:1585455:0916/125747.367443:ERROR:ui/gl/egl_util.cc:92] EGL Driver message (Critical) eglInitialize: GLX is not present.
[1585455:1585455:0916/125747.367537:ERROR:ui/gl/gl_display.cc:630] eglInitialize OpenGLES failed with error EGL_NOT_INITIALIZED
[1585455:1585455:0916/125747.367655:ERROR:ui/gl/gl_display.cc:665] Initialization of all (2) EGL display types failed.
[1585455:1585455:0916/125747.367752:ERROR:ui/ozone/common/gl_ozone_egl.cc:26] GLDisplayEGL::Initialize failed.
[1585455:1585455:0916/125747.374204:ERROR:components/viz/service/main/viz_main_impl.cc:190] Exiting GPU process due to errors during initialization
[1585418:1585418:0916/125747.561249:ERROR:dbus/object_proxy.cc:572] Failed to call method: org.freedesktop.DBus.NameHasOwner: object_path= /org/freedesktop/DBus: unknown error type: 
[1585418:1585418:0916/125747.561756:ERROR:dbus/object_proxy.cc:572] Failed to call method: org.freedesktop.DBus.NameHasOwner: object_path= /org/freedesktop/DBus: unknown error type: 
[1585418:1585438:0916/125747.564410:ERROR:dbus/bus.cc:405] Failed to connect to the bus: Could not parse server address: Unknown address type (examples of valid types are "tcp" and on UNIX "unix")
[1585418:1585418:0916/125747.611713:ERROR:dbus/object_proxy.cc:572] Failed to call method: org.freedesktop.DBus.NameHasOwner: object_path= /org/freedesktop/DBus: unknown error type: 
[1585418:1585438:0916/125747.611837:ERROR:dbus/bus.cc:405] Failed to connect to the bus: Could not parse server address: Unknown address type (examples of valid types are "tcp" and on UNIX "unix")
[1585418:1585418:0916/125747.612467:ERROR:dbus/object_proxy.cc:572] Failed to call method: org.freedesktop.DBus.Properties.GetAll: object_path= /org/freedesktop/UPower/devices/DisplayDevice: org.freedesktop.DBus.Error.ServiceUnknown: The name org.freedesktop.UPower was not provided by any .service files
[1585418:1585418:0916/125747.652728:ERROR:dbus/object_proxy.cc:572] Failed to call method: org.freedesktop.DBus.NameHasOwner: object_path= /org/freedesktop/DBus: unknown error type: 
[1585418:1585438:0916/125747.652832:ERROR:dbus/bus.cc:405] Failed to connect to the bus: Could not parse server address: Unknown address type (examples of valid types are "tcp" and on UNIX "unix")
[1585418:1585418:0916/125747.684575:ERROR:dbus/object_proxy.cc:572] Failed to call method: org.freedesktop.DBus.NameHasOwner: object_path= /org/freedesktop/DBus: unknown error type: 
[1585569:1585569:0916/125747.709303:ERROR:ui/gl/angle_platform_impl.cc:47] Display.cpp:1128 (initialize): ANGLE Display::initialize error 12289: GLX is not present.
ERR: Display.cpp:1128 (initialize): ANGLE Display::initialize error 12289: GLX is not present.
[1585569:1585569:0916/125747.709567:ERROR:ui/gl/egl_util.cc:92] EGL Driver message (Critical) eglInitialize: GLX is not present.
[1585569:1585569:0916/125747.710475:ERROR:ui/gl/gl_display.cc:630] eglInitialize OpenGL failed with error EGL_NOT_INITIALIZED, trying next display type
[1585569:1585569:0916/125747.711039:ERROR:ui/gl/angle_platform_impl.cc:47] Display.cpp:1128 (initialize): ANGLE Display::initialize error 12289: GLX is not present.
ERR: Display.cpp:1128 (initialize): ANGLE Display::initialize error 12289: GLX is not present.
[1585569:1585569:0916/125747.711187:ERROR:ui/gl/egl_util.cc:92] EGL Driver message (Critical) eglInitialize: GLX is not present.
[1585569:1585569:0916/125747.711306:ERROR:ui/gl/gl_display.cc:630] eglInitialize OpenGLES failed with error EGL_NOT_INITIALIZED
[1585569:1585569:0916/125747.711411:ERROR:ui/gl/gl_display.cc:665] Initialization of all (2) EGL display types failed.
[1585569:1585569:0916/125747.711532:ERROR:ui/ozone/common/gl_ozone_egl.cc:26] GLDisplayEGL::Initialize failed.
[1585569:1585569:0916/125747.740834:ERROR:ui/gl/angle_platform_impl.cc:47] Display.cpp:1128 (initialize): ANGLE Display::initialize error 12289: GLX is not present.
ERR: Display.cpp:1128 (initialize): ANGLE Display::initialize error 12289: GLX is not present.
[1585569:1585569:0916/125747.740997:ERROR:ui/gl/egl_util.cc:92] EGL Driver message (Critical) eglInitialize: GLX is not present.
[1585569:1585569:0916/125747.741078:ERROR:ui/gl/gl_display.cc:630] eglInitialize OpenGL failed with error EGL_NOT_INITIALIZED, trying next display type
[1585569:1585569:0916/125747.741424:ERROR:ui/gl/angle_platform_impl.cc:47] Display.cpp:1128 (initialize): ANGLE Display::initialize error 12289: GLX is not present.
ERR: Display.cpp:1128 (initialize): ANGLE Display::initialize error 12289: GLX is not present.
[1585569:1585569:0916/125747.741635:ERROR:ui/gl/egl_util.cc:92] EGL Driver message (Critical) eglInitialize: GLX is not present.
[1585569:1585569:0916/125747.742041:ERROR:ui/gl/gl_display.cc:630] eglInitialize OpenGLES failed with error EGL_NOT_INITIALIZED
[1585569:1585569:0916/125747.742122:ERROR:ui/gl/gl_display.cc:665] Initialization of all (2) EGL display types failed.
[1585569:1585569:0916/125747.742205:ERROR:ui/ozone/common/gl_ozone_egl.cc:26] GLDisplayEGL::Initialize failed.
[1585569:1585569:0916/125747.746189:ERROR:components/viz/service/main/viz_main_impl.cc:190] Exiting GPU process due to errors during initialization
[1585418:1585438:0916/125748.781831:ERROR:dbus/bus.cc:405] Failed to connect to the bus: Could not parse server address: Unknown address type (examples of valid types are "tcp" and on UNIX "unix")
[1585418:1585418:0916/125748.781920:ERROR:dbus/object_proxy.cc:572] Failed to call method: org.freedesktop.DBus.NameHasOwner: object_path= /org/freedesktop/DBus: unknown error type: 
[1585418:1585438:0916/125748.781998:ERROR:dbus/bus.cc:405] Failed to connect to the bus: Could not parse server address: Unknown address type (examples of valid types are "tcp" and on UNIX "unix")
[1585418:1585418:0916/125748.782043:ERROR:dbus/object_proxy.cc:572] Failed to call method: org.freedesktop.DBus.NameHasOwner: object_path= /org/freedesktop/DBus: unknown error type: 
[1585418:1585438:0916/125750.683082:ERROR:google_apis/gcm/engine/registration_request.cc:291] Registration response error message: QUOTA_EXCEEDED
Warning: maxDynamicUniformBuffersPerPipelineLayout artificially reduced from 500000 to 16 to fit dynamic offset allocation limit.
Warning: maxDynamicStorageBuffersPerPipelineLayout artificially reduced from 500000 to 16 to fit dynamic offset allocation limit.
Warning: Couldn't get proc eglChooseConfig
 - While trying to discover a BackendType::OpenGLES adapter.
    at LoadClientProcs (../../third_party/dawn/src/dawn/native/opengl/EGLFunctions.cpp:121)

[1585418:1585438:0916/130023.061069:ERROR:dbus/bus.cc:405] Failed to connect to the bus: Could not parse server address: Unknown address type (examples of valid types are "tcp" and on UNIX "unix")
[1585418:1585418:0916/130023.061935:ERROR:dbus/object_proxy.cc:572] Failed to call method: org.freedesktop.DBus.NameHasOwner: object_path= /org/freedesktop/DBus: unknown error type: 
[1585418:1585438:0916/130023.062119:ERROR:dbus/bus.cc:405] Failed to connect to the bus: Could not parse server address: Unknown address type (examples of valid types are "tcp" and on UNIX "unix")
[1585418:1585418:0916/130023.062324:ERROR:dbus/object_proxy.cc:572] Failed to call method: org.freedesktop.DBus.NameHasOwner: object_path= /org/freedesktop/DBus: unknown error type: 
[1585418:1585418:0916/130122.851305:ERROR:ui/gfx/x/atom_cache.cc:235] Add application/vnd.portal.filetransfer to kAtomsToCache
[1585418:1585418:0916/130122.851513:ERROR:ui/gfx/x/atom_cache.cc:235] Add application/vnd.portal.files to kAtomsToCache
[1585418:1585438:0916/130300.999675:ERROR:dbus/bus.cc:405] Failed to connect to the bus: Could not parse server address: Unknown address type (examples of valid types are "tcp" and on UNIX "unix")
[1585418:1585418:0916/130301.001949:ERROR:dbus/object_proxy.cc:572] Failed to call method: org.freedesktop.DBus.NameHasOwner: object_path= /org/freedesktop/DBus: unknown error type: 
[1585418:1585438:0916/130301.002251:ERROR:dbus/bus.cc:405] Failed to connect to the bus: Could not parse server address: Unknown address type (examples of valid types are "tcp" and on UNIX "unix")
[1585418:1585418:0916/130301.003207:ERROR:dbus/object_proxy.cc:572] Failed to call method: org.freedesktop.DBus.NameHasOwner: object_path= /org/freedesktop/DBus: unknown error type: 
[1585418:1585438:0916/130400.276386:ERROR:dbus/bus.cc:405] Failed to connect to the bus: Could not parse server address: Unknown address type (examples of valid types are "tcp" and on UNIX "unix")
[1585418:1585418:0916/130400.276819:ERROR:dbus/object_proxy.cc:572] Failed to call method: org.freedesktop.DBus.NameHasOwner: object_path= /org/freedesktop/DBus: unknown error type: 
[1585418:1585438:0916/130400.276964:ERROR:dbus/bus.cc:405] Failed to connect to the bus: Could not parse server address: Unknown address type (examples of valid types are "tcp" and on UNIX "unix")
[1585418:1585418:0916/130400.278836:ERROR:dbus/object_proxy.cc:572] Failed to call method: org.freedesktop.DBus.NameHasOwner: object_path= /org/freedesktop/DBus: unknown error type: 
[1585418:1585438:0916/130444.989454:ERROR:dbus/bus.cc:405] Failed to connect to the bus: Could not parse server address: Unknown address type (examples of valid types are "tcp" and on UNIX "unix")
[1585418:1585418:0916/130444.992493:ERROR:dbus/object_proxy.cc:572] Failed to call method: org.freedesktop.DBus.NameHasOwner: object_path= /org/freedesktop/DBus: unknown error type: 
[1585418:1585438:0916/130444.992714:ERROR:dbus/bus.cc:405] Failed to connect to the bus: Could not parse server address: Unknown address type (examples of valid types are "tcp" and on UNIX "unix")
[1585418:1585418:0916/130444.995183:ERROR:dbus/object_proxy.cc:572] Failed to call method: org.freedesktop.DBus.NameHasOwner: object_path= /org/freedesktop/DBus: unknown error type: 
[1585418:1585438:0916/130457.242176:ERROR:dbus/bus.cc:405] Failed to connect to the bus: Could not parse server address: Unknown address type (examples of valid types are "tcp" and on UNIX "unix")
[1585418:1585418:0916/130457.242588:ERROR:dbus/object_proxy.cc:572] Failed to call method: org.freedesktop.DBus.NameHasOwner: object_path= /org/freedesktop/DBus: unknown error type: 
[1585418:1585438:0916/130457.242828:ERROR:dbus/bus.cc:405] Failed to connect to the bus: Could not parse server address: Unknown address type (examples of valid types are "tcp" and on UNIX "unix")
[1585418:1585418:0916/130457.244103:ERROR:dbus/object_proxy.cc:572] Failed to call method: org.freedesktop.DBus.NameHasOwner: object_path= /org/freedesktop/DBus: unknown error type: 
[1585418:1585438:0916/130521.434237:ERROR:dbus/bus.cc:405] Failed to connect to the bus: Could not parse server address: Unknown address type (examples of valid types are "tcp" and on UNIX "unix")
[1585418:1585418:0916/130521.434388:ERROR:dbus/object_proxy.cc:572] Failed to call method: org.freedesktop.DBus.NameHasOwner: object_path= /org/freedesktop/DBus: unknown error type: 
[1585418:1585438:0916/130521.434497:ERROR:dbus/bus.cc:405] Failed to connect to the bus: Could not parse server address: Unknown address type (examples of valid types are "tcp" and on UNIX "unix")
[1585418:1585418:0916/130521.434545:ERROR:dbus/object_proxy.cc:572] Failed to call method: org.freedesktop.DBus.NameHasOwner: object_path= /org/freedesktop/DBus: unknown error type: 
[1585418:1585438:0916/130534.440020:ERROR:dbus/bus.cc:405] Failed to connect to the bus: Could not parse server address: Unknown address type (examples of valid types are "tcp" and on UNIX "unix")
[1585418:1585418:0916/130534.441379:ERROR:dbus/object_proxy.cc:572] Failed to call method: org.freedesktop.DBus.NameHasOwner: object_path= /org/freedesktop/DBus: unknown error type: 
[1585418:1585438:0916/130534.442077:ERROR:dbus/bus.cc:405] Failed to connect to the bus: Could not parse server address: Unknown address type (examples of valid types are "tcp" and on UNIX "unix")
[1585418:1585418:0916/130534.442271:ERROR:dbus/object_proxy.cc:572] Failed to call method: org.freedesktop.DBus.NameHasOwner: object_path= /org/freedesktop/DBus: unknown error type: 
[1585418:1585438:0916/130608.324652:ERROR:dbus/bus.cc:405] Failed to connect to the bus: Could not parse server address: Unknown address type (examples of valid types are "tcp" and on UNIX "unix")
[1585418:1585418:0916/130608.324851:ERROR:dbus/object_proxy.cc:572] Failed to call method: org.freedesktop.DBus.NameHasOwner: object_path= /org/freedesktop/DBus: unknown error type: 
[1585418:1585438:0916/130608.325069:ERROR:dbus/bus.cc:405] Failed to connect to the bus: Could not parse server address: Unknown address type (examples of valid types are "tcp" and on UNIX "unix")
[1585418:1585418:0916/130608.325348:ERROR:dbus/object_proxy.cc:572] Failed to call method: org.freedesktop.DBus.NameHasOwner: object_path= /org/freedesktop/DBus: unknown error type: 
[1585418:1585438:0916/130609.374765:ERROR:dbus/bus.cc:405] Failed to connect to the bus: Could not parse server address: Unknown address type (examples of valid types are "tcp" and on UNIX "unix")
[1585418:1585418:0916/130609.374889:ERROR:dbus/object_proxy.cc:572] Failed to call method: org.freedesktop.DBus.NameHasOwner: object_path= /org/freedesktop/DBus: unknown error type: 
[1585418:1585438:0916/130609.376257:ERROR:dbus/bus.cc:405] Failed to connect to the bus: Could not parse server address: Unknown address type (examples of valid types are "tcp" and on UNIX "unix")
[1585418:1585418:0916/130609.376356:ERROR:dbus/object_proxy.cc:572] Failed to call method: org.freedesktop.DBus.NameHasOwner: object_path= /org/freedesktop/DBus: unknown error type: 
[1585418:1585438:0916/130623.132419:ERROR:dbus/bus.cc:405] Failed to connect to the bus: Could not parse server address: Unknown address type (examples of valid types are "tcp" and on UNIX "unix")
[1585418:1585418:0916/130623.132597:ERROR:dbus/object_proxy.cc:572] Failed to call method: org.freedesktop.DBus.NameHasOwner: object_path= /org/freedesktop/DBus: unknown error type: 
[1585418:1585438:0916/130623.132804:ERROR:dbus/bus.cc:405] Failed to connect to the bus: Could not parse server address: Unknown address type (examples of valid types are "tcp" and on UNIX "unix")
[1585418:1585418:0916/130623.132897:ERROR:dbus/object_proxy.cc:572] Failed to call method: org.freedesktop.DBus.NameHasOwner: object_path= /org/freedesktop/DBus: unknown error type: 
[1585418:1585438:0916/130658.788402:ERROR:dbus/bus.cc:405] Failed to connect to the bus: Could not parse server address: Unknown address type (examples of valid types are "tcp" and on UNIX "unix")
[1585418:1585418:0916/130658.789194:ERROR:dbus/object_proxy.cc:572] Failed to call method: org.freedesktop.DBus.NameHasOwner: object_path= /org/freedesktop/DBus: unknown error type: 
[1585418:1585438:0916/130658.789392:ERROR:dbus/bus.cc:405] Failed to connect to the bus: Could not parse server address: Unknown address type (examples of valid types are "tcp" and on UNIX "unix")
[1585418:1585418:0916/130658.789567:ERROR:dbus/object_proxy.cc:572] Failed to call method: org.freedesktop.DBus.NameHasOwner: object_path= /org/freedesktop/DBus: unknown error type: 
[1585418:1585438:0916/130846.024432:ERROR:dbus/bus.cc:405] Failed to connect to the bus: Could not parse server address: Unknown address type (examples of valid types are "tcp" and on UNIX "unix")
[1585418:1585418:0916/130846.024601:ERROR:dbus/object_proxy.cc:572] Failed to call method: org.freedesktop.DBus.NameHasOwner: object_path= /org/freedesktop/DBus: unknown error type: 
[1585418:1585438:0916/130846.024774:ERROR:dbus/bus.cc:405] Failed to connect to the bus: Could not parse server address: Unknown address type (examples of valid types are "tcp" and on UNIX "unix")
[1585418:1585418:0916/130846.025338:ERROR:dbus/object_proxy.cc:572] Failed to call method: org.freedesktop.DBus.NameHasOwner: object_path= /org/freedesktop/DBus: unknown error type: 
[1585418:1585438:0916/130909.886169:ERROR:dbus/bus.cc:405] Failed to connect to the bus: Could not parse server address: Unknown address type (examples of valid types are "tcp" and on UNIX "unix")
[1585418:1585418:0916/130909.886811:ERROR:dbus/object_proxy.cc:572] Failed to call method: org.freedesktop.DBus.NameHasOwner: object_path= /org/freedesktop/DBus: unknown error type: 
[1585418:1585438:0916/130909.886964:ERROR:dbus/bus.cc:405] Failed to connect to the bus: Could not parse server address: Unknown address type (examples of valid types are "tcp" and on UNIX "unix")
[1585418:1585418:0916/130909.887266:ERROR:dbus/object_proxy.cc:572] Failed to call method: org.freedesktop.DBus.NameHasOwner: object_path= /org/freedesktop/DBus: unknown error type: 
[1585418:1585438:0916/130931.932359:ERROR:dbus/bus.cc:405] Failed to connect to the bus: Could not parse server address: Unknown address type (examples of valid types are "tcp" and on UNIX "unix")
[1585418:1585418:0916/130931.932536:ERROR:dbus/object_proxy.cc:572] Failed to call method: org.freedesktop.DBus.NameHasOwner: object_path= /org/freedesktop/DBus: unknown error type: 
[1585418:1585438:0916/130931.933973:ERROR:dbus/bus.cc:405] Failed to connect to the bus: Could not parse server address: Unknown address type (examples of valid types are "tcp" and on UNIX "unix")
[1585418:1585418:0916/130931.934133:ERROR:dbus/object_proxy.cc:572] Failed to call method: org.freedesktop.DBus.NameHasOwner: object_path= /org/freedesktop/DBus: unknown error type: 
[1585418:1585438:0916/131006.226990:ERROR:dbus/bus.cc:405] Failed to connect to the bus: Could not parse server address: Unknown address type (examples of valid types are "tcp" and on UNIX "unix")
[1585418:1585418:0916/131006.227280:ERROR:dbus/object_proxy.cc:572] Failed to call method: org.freedesktop.DBus.NameHasOwner: object_path= /org/freedesktop/DBus: unknown error type: 
[1585418:1585438:0916/131006.227542:ERROR:dbus/bus.cc:405] Failed to connect to the bus: Could not parse server address: Unknown address type (examples of valid types are "tcp" and on UNIX "unix")
[1585418:1585418:0916/131006.228386:ERROR:dbus/object_proxy.cc:572] Failed to call method: org.freedesktop.DBus.NameHasOwner: object_path= /org/freedesktop/DBus: unknown error type: 
[1585418:1585418:0916/131034.037310:ERROR:content/common/zygote/zygote_communication_linux.cc:291] Failed to send GetTerminationStatus message to zygote
[1585418:1585418:0916/131034.045691:ERROR:content/common/zygote/zygote_communication_linux.cc:291] Failed to send GetTerminationStatus message to zygote
[1585418:1585438:0916/131034.047556:ERROR:google_apis/gcm/engine/connection_factory_impl.cc:484] ConnectionHandler failed with net error: -2
