
Xvnc TigerVNC 1.16.2 - built Mar 26 2026 09:31:28
Copyright (C) 1999-2026 TigerVNC team and many others (see README.rst)
See https://www.tigervnc.org for information on TigerVNC.
Underlying X server release 12101018

Could not find any render nodes
Failed to initialize DRI3 extension

Wed Sep 16 12:57:46 2026
 vncext:      VNC extension running!
 vncext:      Listening for VNC connections on local interface(s), port 5999
 vncext:      Created VNC server for screen 0
The XKEYBOARD keymap compiler (xkbcomp) reports:
> Warning:          Could not resolve keysym XF86CameraAccessEnable
> Warning:          Could not resolve keysym XF86CameraAccessDisable
> Warning:          Could not resolve keysym XF86CameraAccessToggle
> Warning:          Could not resolve keysym XF86NextElement
> Warning:          Could not resolve keysym XF86PreviousElement
> Warning:          Could not resolve keysym XF86AutopilotEngageToggle
> Warning:          Could not resolve keysym XF86MarkWaypoint
> Warning:          Could not resolve keysym XF86Sos
> Warning:          Could not resolve keysym XF86NavChart
> Warning:          Could not resolve keysym XF86FishingChart
> Warning:          Could not resolve keysym XF86SingleRangeRadar
> Warning:          Could not resolve keysym XF86DualRangeRadar
> Warning:          Could not resolve keysym XF86RadarOverlay
> Warning:          Could not resolve keysym XF86TraditionalSonar
> Warning:          Could not resolve keysym XF86ClearvuSonar
> Warning:          Could not resolve keysym XF86SidevuSonar
> Warning:          Could not resolve keysym XF86NavInfo
Errors from xkbcomp are not fatal to the X server
[mi] mieq: warning: overriding existing handler (nil) with 0x638f40 for event 2
[mi] mieq: warning: overriding existing handler (nil) with 0x638f40 for event 3

Wed Sep 16 13:00:54 2026
 Connections: Accepted: 127.0.0.1::54532
 SConnection: Client needs protocol version 3.8
 SConnection: Client requests security type VncAuth(2)

Wed Sep 16 13:01:17 2026
 VNCSConnST:  Server default pixel format depth 24 (32bpp) little-endian rgb888
 VNCSConnST:  Client pixel format depth 24 (32bpp) little-endian bgr888

Wed Sep 16 13:01:58 2026
 VNCSConnST:  Closing 127.0.0.1::54532: Clean disconnection
 EncodeManager: Framebuffer updates: 280
 EncodeManager:   Tight:
 EncodeManager:     Solid: 167 rects, 1.24549 Mpixels
 EncodeManager:            2.60938 KiB (1:1865.26 ratio)
 EncodeManager:     Bitmap RLE: 34 rects, 19.811 kpixels
 EncodeManager:                 1.10449 KiB (1:70.4262 ratio)
 EncodeManager:     Indexed RLE: 300 rects, 272.106 kpixels
 EncodeManager:                  53.1328 KiB (1:20.071 ratio)
 EncodeManager:   JPEG:
 EncodeManager:     Full Colour: 148 rects, 437.343 kpixels
 EncodeManager:                  448.436 KiB (1:3.81349 ratio)
 EncodeManager:   Total: 649 rects, 1.97475 Mpixels
 EncodeManager:          505.282 KiB (1:15.2815 ratio)
 Connections: Closed: 127.0.0.1::54532

Wed Sep 16 13:02:10 2026
 Connections: Accepted: 127.0.0.1::33820
 SConnection: Client needs protocol version 3.8
 SConnection: Client requests security type VncAuth(2)

Wed Sep 16 13:02:15 2026
 VNCSConnST:  Server default pixel format depth 24 (32bpp) little-endian rgb888
 VNCSConnST:  Client pixel format depth 24 (32bpp) little-endian bgr888

Wed Sep 16 13:03:02 2026
 VNCSConnST:  Closing 127.0.0.1::33820: Clean disconnection
 EncodeManager: Framebuffer updates: 541
 EncodeManager:   Tight:
 EncodeManager:     Solid: 468 rects, 2.02837 Mpixels
 EncodeManager:            7.3125 KiB (1:1084.28 ratio)
 EncodeManager:     Bitmap RLE: 87 rects, 11.678 kpixels
 EncodeManager:                 2.43555 KiB (1:19.1484 ratio)
 EncodeManager:     Indexed RLE: 803 rects, 523.082 kpixels
 EncodeManager:                  142.562 KiB (1:14.3986 ratio)
 EncodeManager:   JPEG:
 EncodeManager:     Full Colour: 467 rects, 1.15854 Mpixels
 EncodeManager:                  979.174 KiB (1:4.62739 ratio)
 EncodeManager:   Total: 1.825 krects, 3.72167 Mpixels
 EncodeManager:          1.10497 MiB (1:12.8673 ratio)
 Connections: Closed: 127.0.0.1::33820

Wed Sep 16 13:04:38 2026
 Connections: Accepted: 127.0.0.1::35626
 SConnection: Client needs protocol version 3.8
 SConnection: Client requests security type VncAuth(2)

Wed Sep 16 13:04:41 2026
 VNCSConnST:  Server default pixel format depth 24 (32bpp) little-endian rgb888

Wed Sep 16 13:04:42 2026
 VNCSConnST:  Client pixel format depth 24 (32bpp) little-endian bgr888

Wed Sep 16 13:08:27 2026
 VNCSConnST:  Closing 127.0.0.1::35626: Clean disconnection
 EncodeManager: Framebuffer updates: 668
 EncodeManager:   Tight:
 EncodeManager:     Solid: 1.017 krects, 8.75841 Mpixels
 EncodeManager:            15.8906 KiB (1:2153.75 ratio)
 EncodeManager:     Bitmap RLE: 265 rects, 187.493 kpixels
 EncodeManager:                 8.08691 KiB (1:90.9494 ratio)
 EncodeManager:     Indexed RLE: 1.176 krects, 1.85162 Mpixels
 EncodeManager:                  206.411 KiB (1:35.1079 ratio)
 EncodeManager:   JPEG:
 EncodeManager:     Full Colour: 759 rects, 2.87285 Mpixels
 EncodeManager:                  2.29486 MiB (1:4.77927 ratio)
 EncodeManager:   Total: 3.217 krects, 13.6704 Mpixels
 EncodeManager:          2.51985 MiB (1:20.7097 ratio)
 Connections: Closed: 127.0.0.1::35626
